C:\Program Files\Python311\python.exe: can't open file 'G:\\Ddrive\\BatangD\\task\\workdiary\\125-build-automation-extend\\main_enhanced.py': [Errno 2] No such file or directory
